[    0.000000] Initializing cgroup subsys cpuset
[    0.000000] Initializing cgroup subsys cpu
[    0.000000] Initializing cgroup subsys cpuacct
[    0.000000] Linux version 4.4.0-116-generic (buildd@lgw01-amd64-021) (gcc version 5.4.0 20160609 (Ubuntu 5.4.0-6ubuntu1~16.04.9) ) #140-Ubuntu SMP Mon Feb 12 21:23:04 UTC 2018 (Ubuntu 4.4.0-116.140-generic 4.4.98)
[    0.000000] Command line: BOOT_IMAGE=/boot/vmlinuz-4.4.0-116-generic root=UUID=ee8827e1-8636-41fb-9829-982477f6eec9 ro console=tty1 console=ttyS0
[    0.000000] KERNEL supported cpus:
[    0.000000]   Intel GenuineIntel
[    0.000000]   AMD AuthenticAMD
[    0.000000]   Centaur CentaurHauls
[    0.000000] x86/fpu: Supporting XSAVE feature 0x01: 'x87 floating point registers'
[    0.000000] x86/fpu: Supporting XSAVE feature 0x02: 'SSE registers'
[    0.000000] x86/fpu: Enabled xstate features 0x3, context size is 576 bytes, using 'standard' format.
[    0.000000] x86/fpu: Using 'lazy' FPU context switches.
[    0.000000] e820: BIOS-provided physical RAM map:
[    0.000000] BIOS-e820: [mem 0x0000000000000000-0x000000000009fbff] usable
[    0.000000] BIOS-e820: [mem 0x000000000009fc00-0x000000000009ffff] reserved
[    0.000000] BIOS-e820: [mem 0x00000000000f0000-0x00000000000fffff] reserved
[    0.000000] BIOS-e820: [mem 0x0000000000100000-0x000000003ffeffff] usable
[    0.000000] BIOS-e820: [mem 0x000000003fff0000-0x000000003fffffff] ACPI data
[    0.000000] BIOS-e820: [mem 0x00000000fec00000-0x00000000fec00fff] reserved
[    0.000000] BIOS-e820: [mem 0x00000000fee00000-0x00000000fee00fff] reserved
[    0.000000] BIOS-e820: [mem 0x00000000fffc0000-0x00000000ffffffff] reserved
[    0.000000] NX (Execute Disable) protection: active
[    0.000000] SMBIOS 2.5 present.
[    0.000000] Hypervisor detected: KVM
[    0.000000] e820: last_pfn = 0x3fff0 max_arch_pfn = 0x400000000
[    0.000000] MTRR: Disabled
[    0.000000] x86/PAT: MTRRs disabled, skipping PAT initialization too.
[    0.000000] CPU MTRRs all blank - virtualized system.
[    0.000000] x86/PAT: Configuration [0-7]: WB  WT  UC- UC  WB  WT  UC- UC  
[    0.000000] found SMP MP-table at [mem 0x0009fff0-0x0009ffff] mapped at [ffff88000009fff0]
[    0.000000] Scanning 1 areas for low memory corruption
[    0.000000] RAMDISK: [mem 0x3621c000-0x37105fff]
[    0.000000] ACPI: Early table checksum verification disabled
[    0.000000] ACPI: RSDP 0x00000000000E0000 000024 (v02 VBOX  )
[    0.000000] ACPI: XSDT 0x000000003FFF0030 00003C (v01 VBOX   VBOXXSDT 00000001 ASL  00000061)
[    0.000000] ACPI: FACP 0x000000003FFF00F0 0000F4 (v04 VBOX   VBOXFACP 00000001 ASL  00000061)
[    0.000000] ACPI: DSDT 0x000000003FFF0470 0021FF (v02 VBOX   VBOXBIOS 00000002 INTL 20160108)
[    0.000000] ACPI: FACS 0x000000003FFF0200 000040
[    0.000000] ACPI: FACS 0x000000003FFF0200 000040
[    0.000000] ACPI: APIC 0x000000003FFF0240 00005C (v02 VBOX   VBOXAPIC 00000001 ASL  00000061)
[    0.000000] ACPI: SSDT 0x000000003FFF02A0 0001CC (v01 VBOX   VBOXCPUT 00000002 INTL 20160108)
[    0.000000] No NUMA configuration found
[    0.000000] Faking a node at [mem 0x0000000000000000-0x000000003ffeffff]
[    0.000000] NODE_DATA(0) allocated [mem 0x3ffeb000-0x3ffeffff]
[    0.000000] kvm-clock: Using msrs 4b564d01 and 4b564d00
[    0.000000] kvm-clock: cpu 0, msr 0:3ffe3001, primary cpu clock
[    0.000000] kvm-clock: using sched offset of 3630123398 cycles
[    0.000000] clocksource: kvm-clock: mask: 0xffffffffffffffff max_cycles: 0x1cd42e4dffb, max_idle_ns: 881590591483 ns
[    0.000000] Zone ranges:
[    0.000000]   DMA      [mem 0x0000000000001000-0x0000000000ffffff]
[    0.000000]   DMA32    [mem 0x0000000001000000-0x000000003ffeffff]
[    0.000000]   Normal   empty
[    0.000000]   Device   empty
[    0.000000] Movable zone start for each node
[    0.000000] Early memory node ranges
[    0.000000]   node   0: [mem 0x0000000000001000-0x000000000009efff]
[    0.000000]   node   0: [mem 0x0000000000100000-0x000000003ffeffff]
[    0.000000] Initmem setup node 0 [mem 0x0000000000001000-0x000000003ffeffff]
[    0.000000] ACPI: PM-Timer IO Port: 0x4008
[    0.000000] IOAPIC[0]: apic_id 2, version 32, address 0xfec00000, GSI 0-23
[    0.000000] ACPI: INT_SRC_OVR (bus 0 bus_irq 0 global_irq 2 dfl dfl)
[    0.000000] ACPI: INT_SRC_OVR (bus 0 bus_irq 9 global_irq 9 high level)
[    0.000000] Using ACPI (MADT) for SMP configuration information
[    0.000000] smpboot: Allowing 2 CPUs, 0 hotplug CPUs
[    0.000000] PM: Registered nosave memory: [mem 0x00000000-0x00000fff]
[    0.000000] PM: Registered nosave memory: [mem 0x0009f000-0x0009ffff]
[    0.000000] PM: Registered nosave memory: [mem 0x000a0000-0x000effff]
[    0.000000] PM: Registered nosave memory: [mem 0x000f0000-0x000fffff]
[    0.000000] e820: [mem 0x40000000-0xfebfffff] available for PCI devices
[    0.000000] Booting paravirtualized kernel on KVM
[    0.000000] clocksource: refined-jiffies: mask: 0xffffffff max_cycles: 0xffffffff, max_idle_ns: 7645519600211568 ns
[    0.000000] setup_percpu: NR_CPUS:512 nr_cpumask_bits:512 nr_cpu_ids:2 nr_node_ids:1
[    0.000000] PERCPU: Embedded 34 pages/cpu @ffff88003fc00000 s99544 r8192 d31528 u1048576
[    0.000000] PV qspinlock hash table entries: 256 (order: 0, 4096 bytes)
[    0.000000] Built 1 zonelists in Node order, mobility grouping on.  Total pages: 257913
[    0.000000] Policy zone: DMA32
[    0.000000] Kernel command line: BOOT_IMAGE=/boot/vmlinuz-4.4.0-116-generic root=UUID=ee8827e1-8636-41fb-9829-982477f6eec9 ro console=tty1 console=ttyS0
[    0.000000] PID hash table entries: 4096 (order: 3, 32768 bytes)
[    0.000000] Memory: 997260K/1048120K available (8530K kernel code, 1309K rwdata, 3992K rodata, 1508K init, 1316K bss, 50860K reserved, 0K cma-reserved)
[    0.000000] SLUB: HWalign=64, Order=0-3, MinObjects=0, CPUs=2, Nodes=1
[    0.000000] Kernel/User page tables isolation: enabled
[    0.000000] Hierarchical RCU implementatio.
[    0.000000] 	Build-tim adjustment of leaf fanout to 64.
[    0.000000] 	RCU restricting CPUs from NR_CPUS=512 to nr_cpu_ids=2.
[    0.000000] RCU: Adjusting geometry for rcu_fanout_leaf=64, nr_cpu_ids=2
[    0.000000] NR_IRQS:33024 nr_irqs:440 16
[    0.000000] Console: colour VGA+ 80x25
[    0.000000] console [tty1] enabled
[    0.000000] console [ttyS0] enabled
[    0.000000] tsc: Detected 3092.836 MHz processor
[    3.615299] Calibrating delay loop (skipped) preset value.. 6185.67 BogoMIPS (lpj=12371344)
[    3.734573] pid_max: default: 32768 minimum: 301
[    3.735230] ACPI: Core revision 20150930
[    3.736679] ACPI: 2 ACPI AML tables successfully acquired and loaded
[    3.737634] Security Framework initialized
[    3.738234] Yama: becoming mindful.
[    3.738788] AppArmor: AppArmor initialized
[    3.739457] Dentry cache hash table entries: 131072 (order: 8, 1048576 bytes)
[    3.776253] Inode-cache hash table entries: 65536 (order: 7, 524288 bytes)
[    3.818674] Mount-cache hash table entries: 2048 (order: 2, 16384 bytes)
[    3.819883] Mountpoint-cache hash table entries: 2048 (order: 2, 16384 bytes)
[    3.821301] Initializing cgroup subsys io
[    3.822129] Initializing cgroup subsys memory
[    3.822961] Initializing cgroup subsys devices
[    3.823811] Initializing cgroup subsys freezer
[    3.824676] Initializing cgroup subsys net_cls
[    3.825531] Initializing cgroup subsys perf_event
[    3.826419] Initializing cgroup subsys net_prio
[    3.827288] Initializing cgroup subsys hugetlb
[    3.828145] Initializing cgroup subsys pids
[    3.829042] CPU: Physical Processor ID: 0
[    3.829839] CPU: Processor Core ID: 0
[    3.830583] FEATURE SPEC_CTRL Not Present
[    3.832152] mce: CPU supports 0 MCE banks
[    3.833010] Last level iTLB entries: 4KB 1024, 2MB 1024, 4MB 1024
[    3.834104] Last level dTLB entries: 4KB 1024, 2MB 1024, 4MB 1024, 1GB 4
[    3.835261] Spectre V2 mitigation: Mitigation: Full generic retpoline
[    3.836376] Spectre V2 mitigation: Speculation control IBPB not-supported IBRS not-supported
[    3.839456] Freeing SMP alternatives memory: 32K
[    3.847403] ftrace: allocating 32186 entries in 126 pages
[    3.894307] smpboot: APIC(0) Converting physical 0 to logical package 0
[    3.900491] smpboot: Max logical packages: 1
[    3.901369] x2apic enabled
[    3.902050] Switched APIC routing to physical x2apic.
[    3.904795] ..TIMER: vector=0x30 apic1=0 pin1=2 apic2=-1 pin2=-1
[    4.013126] smpboot: CPU0: Intel(R) Pentium(R) CPU G3240 @ 3.10GHz (family: 0x6, model: 0x3c, stepping: 0x3)
[    4.081531] Performance Events: unsupported p6 CPU model 60 no PMU driver, software events only.
[    4.083915] KVM setup paravirtual spinlock
[    4.085174] x86: Booting SMP configuration:
[    4.085795] .... node  #0, CPUs:      #1
[    4.086453] kvm-clock: cpu 1, msr 0:3ffe3041, secondary cpu clock
[    4.088086] mce: CPU supports 0 MCE banks
[    4.090603] x86: Booted up 1 node, 2 CPUs
[    4.092428] smpboot: Total of 2 processors activated (12371.34 BogoMIPS)
[    4.093584] devtmpfs: initialized
[    4.095344] evm: security.selinux
[    4.095873] evm: security.SMACK64
[    4.096398] evm: security.SMACK64EXEC
[    4.096967] evm: security.SMACK64TRANSMUTE
[    4.097573] evm: security.SMACK64MMAP
[    4.098131] evm: security.ima
[    4.098624] evm: security.capability
[    4.099330] clocksource: jiffies: mask: 0xffffffff max_cycles: 0xffffffff, max_idle_ns: 7645041785100000 ns
[    4.100647] futex hash table entries: 512 (order: 3, 32768 bytes)
[    4.101544] pinctrl core: initialized pinctrl subsystem
[    4.102370] RTC time:  7:24:24, date: 03/16/18
[    4.103134] NET: Registered protocol family 16
[    4.112633] cpuidle: using governor ladder
[    4.180975] cpuidle: using governor menu
[    4.252445] PCCT header not found.
[    4.276195] ACPI: bus type PCI registered
[    4.276791] acpiphp: ACPI Hot Plug PCI Controller Driver version: 0.5
[    4.277702] PCI: Using configuration type 1 for base access
[    4.289934] ACPI: Added _OSI(Module Device)
[    4.291624] ACPI: Added _OSI(Processor Device)
[    4.292259] ACPI: Added _OSI(3.0 _SCP Extensions)
[    4.292930] ACPI: Added _OSI(Processor Aggregator Device)
[    4.294265] ACPI: Executed 1 blocks of module-level executable AML code
[    4.296993] ACPI: Interpreter enabled
[    4.325024] ACPI: (supports S0 S5)
[    4.353252] ACPI: Using IOAPIC for interrupt routing
[    4.354089] PCI: Using host bridge windows from ACPI; if necessary, use "pci=nocrs" and report a bug
[    4.358286] ACPI: PCI Root Bridge [PCI0] (domain 0000 [bus 00-ff])
[    4.393786] acpi PNP0A03:00: _OSC: OS supports [ASPM ClockPM Segments MSI]
[    4.394668] acpi PNP0A03:00: _OSC: not requesting OS control; OS requires [ExtendedConfig ASPM ClockPM MSI]
[    4.395986] acpi PNP0A03:00: fail to add MMCONFIG information, can't access extended PCI configuration space under this bridge.
[    4.397668] PCI host bridge to bus 0000:00
[    4.398275] pci_bus 0000:00: root bus resource [io  0x0000-0x0cf7 window]
[    4.411755] pci_bus 0000:00: root bus resource [io  0x0d00-0xffff window]
[    4.510847] pci_bus 0000:00: root bus resource [mem 0x000a0000-0x000bffff window]
[    4.514074] pci_bus 0000:00: root bus resource [mem 0x40000000-0xffdfffff window]
[    4.515162] pci_bus 0000:00: root bus resource [bus 00-ff]
[    4.518089] pci 0000:00:01.1: legacy IDE quirk: reg 0x10: [io  0x01f0-0x01f7]
[    4.520219] pci 0000:00:01.1: legacy IDE quirk: reg 0x14: [io  0x03f6]
[    4.545411] pci 0000:00:01.1: legacy IDE quirk: reg 0x18: [io  0x0170-0x0177]
[    4.546305] pci 0000:00:01.1: legacy IDE quirk: reg 0x1c: [io  0x0376]
[    4.567747] pci 0000:00:07.0: quirk: [io  0x4000-0x403f] claimed by PIIX4 ACPI
[    4.674999] pci 0000:00:07.0: quirk: [io  0x4100-0x410f] claimed by PIIX4 SMB
[    4.722989] ACPI: PCI Interrupt Link [LNKA] (IRQs 5 9 10 *11)
[    4.795191] ACPI: PCI Interrupt Link [LNKB] (IRQs 5 9 10 *11)
[    4.836745] ACPI: PCI Interrupt Link [LNKC] (IRQs 5 9 *10 11)
[    4.883585] ACPI: PCI Interrupt Link [LNKD] (IRQs 5 *9 10 11)
[    4.885108] ACPI: Enabled 2 GPEs in block 00 to 07
[    4.886607] vgaarb: setting as boot device: PCI:0000:00:02.0
[    4.887672] vgaarb: device added: PCI:0000:00:02.0,decodes=io+mem,owns=io+mem,locks=none
[    4.889210] vgaarb: loaded
[    4.889823] vgaarb: bridge control possible 0000:00:02.0
[    4.891073] SCSI subsystem initialized
[    4.892546] ACPI: bus type USB registered
[    4.893400] usbcore: registered new interface driver usbfs
[    4.894409] usbcore: registered new interface driver hub
[    4.895794] usbcore: registered new device driver usb
[    4.898757] PCI: Using ACPI for IRQ routing
[    4.900192] NetLabel: Initializing
[    4.901330] NetLabel:  domain hash size = 128
[    4.902828] NetLabel:  protocols = UNLABELED CIPSOv4
[    4.904523] NetLabel:  unlabeled traffic allowed by default
[    4.906498] amd_nb: Cannot enumerate AMD northbridges
[    4.932511] clocksource: Switched to clocksource kvm-clock
[    4.939750] AppArmor: AppArmor Filesystem Enabled
[    5.013257] pnp: PnP ACPI init
[    5.043278] pnp: PnP ACPI: found 3 devices
[    5.051663] clocksource: acpi_pm: mask: 0xffffff max_cycles: 0xffffff, max_idle_ns: 2085701024 ns
[    5.103335] NET: Registered protocol family 2
[    5.104123] TCP established hash table entries: 8192 (order: 4, 65536 bytes)
[    5.105035] TCP bind hash table entries: 8192 (order: 5, 131072 bytes)
[    5.105889] TCP: Hash tables configured (established 8192 bind 8192)
[    5.106717] UDP hash table entries: 512 (order: 2, 16384 bytes)
[    5.107493] UDP-Lite hash table entries: 512 (order: 2, 16384 bytes)
[    5.108343] NET: Registered protocol family 1
[    5.108983] pci 0000:00:00.0: Limiting direct PCI/PCI transfers
[    5.109773] pci 0000:00:01.0: Activating ISA DMA hang workarounds
[    5.110667] Unpacking initramfs...
[    5.306335] Freeing initrd memory: 15272K
[    5.361984] RAPL PMU detected, API unit is 2^-32 Joules, 4 fixed counters 10737418240 ms ovfl timer
[    5.425159] hw unit of domain pp0-core 2^-0 Joules
[    5.433665] hw unit of domain package 2^-0 Joules
[    5.436976] hw unit of domain dram 2^-0 Joules
[    5.440917] hw unit of domain pp1-gpu 2^-0 Joules
[    5.492684] platform rtc_cmos: registered platform RTC device (no PNP device found)
[    5.500521] Scanning for low memory corruption every 60 seconds
[    5.501607] audit: initializing netlink subsys (disabled)
[    5.502358] audit: type=2000 audit(1521185066.489:1): initialized
[    5.503389] Initialise system trusted keyring
[    5.504160] HugeTLB registered 2 MB page size, pre-allocated 0 pages
[    5.506179] zbud: loaded
[    5.506941] VFS: Disk quotas dquot_6.6.0
[    5.507560] VFS: Dquot-cache hash table entries: 512 (order 0, 4096 bytes)
[    5.508633] squashfs: version 4.0 (2009/01/31) Phillip Lougher
[    5.509654] fuse init (API version 7.23)
[    5.510353] Key type big_key registered
[    5.510950] Allocating IMA MOK and blacklist keyrings.
[    5.512512] Key type asymmetric registered
[    5.513124] Asymmetric key parser 'x509' registered
[    5.513842] Block layer SCSI generic (bsg) driver version 0.4 loaded (major 249)
[    5.514973] io scheduler noop registered
[    5.515566] io scheduler deadline registered (default)
[    5.516294] io scheduler cfq registered
[    5.517000] pci_hotplug: PCI Hot Plug PCI Core version: 0.5
[    5.517758] pciehp: PCI Express Hot Plug Controller Driver version: 0.4
[    5.518707] ACPI: AC Adapter [AC] (on-line)
[    5.519368] input: Power Button as /devices/LNXSYSTM:00/LNXPWRBN:00/input/input0
[    5.520458] ACPI: Power Button [PWRF]
[    5.521117] input: Sleep Button as /devices/LNXSYSTM:00/LNXSLPBN:00/input/input1
[    5.522213] ACPI: Sleep Button [SLPF]
[   555526682] GHES: HEST is not enabled!
[    5.64244]] Serial: 8250/16550 driver, 32 ports, IRQ sharing enabled
[    5.784060] 00:02: ttyS0 at I/O 0x3f8 (irq = 4, base_baud = 115200) is a 16550A
[    6.003896] Linux agpgart intrraace v0.103
[    6.195760] loop: module loaded
[    6.313151] scsi host0: ata_piix
[    6.313783] scsi host1: ata_piix
[    6.314341] ata1: PATA max UDMA/33 cmd 0x1f0 ctl 0x3f6 bmdma 0xd000 irq 14
[    6.317931] ata2: PATA max UDMA/33 cmd 0x170 ctl 0x376 bmdma 0xd008 irq 15
[    6.452784] libphy: Fixed MDIO Bus: probed
[   66.532760] tsc: Refined TSC clocksource calibration: 3092.576 MHz
[    6.732835] clocksource: tsc: mask: 0xffffffffffffffff max_cycles: 0x2c93e2b9a39, max_idle_ns: 440795312338 ns
[    6.732881] tun: Universal TUN/TAP device driver, 1.6
[    6.732882] tun: (C) 1999-2004 Max Krasnyansky <maxk@qualcomm.com>
[    6.740565] PPP generic driver version 2.4.2
[    6.740621] ehci_hcd: USB 2.0 'Enhanced' Host Controller (EHCI) Driver
[    6.740625] ehci-pci: EHCI PCI platform driver
[    6.740638] ehci-platform: EHCI generic platform driver
[    6.740646] ohci_hcd: USB 1.1 'Open' Host Controller (OHCI) Driver
[    6.740649] ohci-pci: OHCI PCI platform driver
[    6.740656] ohci-platform: OHCI generic platform driver
[    6.740663] uhci_hcd: USB Universal Host Controller Interface driver
[    6.740716] i8042: PNP: PS/2 Controller [PNP0303:PS2K,PNP0f03:PS2M] at 0x60,0x64 irq 1,12
[    6.741139] serio: i8042 KBD port at 0x60,0x64 irq 1
[    6.741143] serio: i8042 AUX port at 0x60,0x64 irq 12
[    6.741234] mousedev: PS/2 mouse device common for all mice
[    6.741441] input: AT Translated Set 2 keyboard as /devices/platform/i8042/serio0/input/input2
[    6.741747] rtc_cmos rtc_cmos: rtc core: registered rtc_cmos as rtc0
[    6.741797] rtc_cmos rtc_cmos: alarms up to one day, 114 bytes nvram
[    6.741803] i2c /dev entries driver
[    6.741853] device-mapper: uevent: version 1.0.3
[    6.741904] device-mapper: ioctl: 4.34.0-ioctl (2015-10-28) initialised: dm-devel@redhat.com
[    6.741925] ledtrig-cpu: registered to indicate activity on CPUs
[    6.742177] NET: Registered protocol family 10
[    6.742343] NET: Registered protocol family 17
[   66.742359] Key type dns_resolver registered
[    6.742486] microcode: CPU0 sig=0x306c3, pf=0x40, revision=0x0
[    6.748991] microcode: CPU1 sig=0x306c3, pf=0x40, revision=0x0
[    6.749042] microcode: Microcode Update Driver: v2.01 <tigran@aivazian.fsnet.co.uk>, Peter Oruba
[    6.749154] registered taskstats version 1
[    6.749167] Loading compiled-in X.509 certificates
[    6.749774] Loaded X.509 cert 'Build time autogenerated kernel key: aa84f01984fbd529c105810b59e379d349698248'
[    6.749792] zswap: loaded using pool lzo/zbud
[    6.751514] Key type trusted registered
[    6.755014] Key type encrypted registered
[    6.755019] AppArmor: AppArmor sha1 policy hashing enabled
[    6.755022] ima: No TPM chip found, activating TPM-bypass!
[    6.755038] evm: HMAC attrs: 0x1
[    6.755279]   Magic number: 10:298:420
[    6.762894] rtc_cmos rtc_cmos: setting system clock to 2018-03-16 07:24:27 UTC (1521185067)
[    6.762990] BIOS EDD facility v0.16 2004-Jun-25, 0 devices found
[    6.762990] EDD information not available.
[   10.104062] Freeing unused kernel memory: 1508K
[   10.110046] Write protecting the kernel read-only data: 14336k
[   10.111245] Freeing unused kernel memory: 1700K
[   10.183728] Freeing unused kernel memory: 104K
Loading, please wait...
starting version 229
[   10.220164] random: udevadm: uninitialized urandom read (16 bytes read, 3 bits of entropy available)
[   10.220864] random: systemd-udevd: uninitialized urandom read (16 bytes read, 3 bits of entropy available)
[   10.220965] random: systemd-udevd: uninitialized urandom read (16 bytes read, 3 bits of entropy available)
[   10.220979] random: systemd-udevd: uninitialized urandom read (16 bytes read, 3 bits of entropy available)
[   10.220994] random: systemd-udevd: uninitialized urandom read (16 bytes read, 3 bits of entropy available)
[   10.421506] random: udevadm: uninitialized urandom read (16 bytes read, 3 bits of entropy available)
[   10.431304] random: systemd-udevd: uninitialized urandom read (16 bytes read, 3 bits of entropy available)
[   10.433182] random: systemd-udevd: uninitialized urandom read (16 bytes read, 3 bits of entropy available)
[   10.434770] random: udevadm: uninitialized urandom read (16 bytes read, 3 bits of entropy available)
[   10.434820] random: udevadm: uninitialized urandom read (16 bytes read, 3 bits of entropy available)
[   10.488570] e1000: Intel(R) PRO/1000 Network Driver - version 7.3.21-k8-NAPI
[   10.513223] e1000: Copyright (c) 1999-2006 Intel Corporation.
[   10.519542] Fusion MPT base driver 3.04.20
[   10.532948] Copyright (c) 1999-2008 LSI Corporation
[   10.557024] Fusion MPT SPI Host driver 3.04.20
[   10.757378] input: ImExPS/2 Generic Explorer Mouse as /devices/platform/i8042/serio1/input/input4
[   10.879323] e1000 0000:00:03.0 eth0: (PCI:33MHz:32-bit) 02:53:17:3c:de:80
[   10.933071] e1000 0000:00:03.0 eth0: Intel(R) PRO/1000 Network Connection
[   11.291727] e1000 0000:00:08.0 eth1: (PCI:33MHz:32-bit) 08:00:27:e8:70:f3
[   11.382736] e1000 0000:00:08.0 eth1: Intel(R) PRO/1000 Network Connection
[   11.417724] mptbase: ioc0: Initiating bringup
[   11.418388] e1000 0000:00:08.0 enp0s8: renamed from eth1
[   11.429287] e1000 0000:00:03.0 enp0s3: renamed from eth0
[   11.544444] ioc0: LSI53C1030 A0: Capabilities={Initiator}
[   11.941306] scsi host2: ioc0: LSI53C1030 A0, FwRev=00000000h, Ports=1, MaxQ=256, IRQ=20
[   12.124667] scsi 2:0:0:0: Direct-Access     VBOX     HARDDISK         1.0  PQ: 0 ANSI: 5
[   12.163552] scsi target2:0:0: Beginning Domain Validation
[   12.172954] scsi target2:0:0: Domain Validation skipping write tests
[   12.173776] scsi target2:0:0: Ending Domain Validation
[   12.174500] scsi target2:0:0: asynchronous
[   12.175339] scsi 2:0:1:0: Direct-Access     VBOX     HARDDISK         1.0  PQ: 0 ANSI: 5
[   12.176499] scsi target2:0:1: Beginning Domain Validation
[   12.177711] scsi target2:0:1: Domain Validation skipping write tests
[   12.178524] scsi target2:0:1: Ending Domain Validation
[   12.179248] scsi target2:0:1: asynchronous
[   12.183651] sd 2:0:0:0: [sda] 20971520 512-byte logical blocks: (10.7 GB/10.0 GiB)
[   12.185924] sd 2:0:0:0: [sda] Write Protect is off
[   12.186644] sd 2:0:0:0: [sda] Incomplete mode parameter data
[   12.187394] sd 2:0:0:0: [sda] Assuming drive cache: write through
[   12.188750] sd 2:0:0:0: Attached scsi generic sg0 type 0
[   12.243986] sd 2:0:1:0: [sdb] 20480 512-byte logical blocks: (10.5 MB/10.0 MiB)
[   12.244055] sd 2:0:1:0: Attached scsi generic sg1 type 0
[   12.257743]  sda: sda1
[   12.258250] sd 2:0:0:0: [sda] Attached SCSI disk
[   12.703082] sd 2:0:1:0: [sdb] Write Protect is off
[   12.768985] sd 2:0:1:0: [sdb] Incomplete mode parameter data
[   12.844941] sd 2:0:1:0: [sdb] Assuming drive cache: write through
[   12.955971] sd 2:0:1:0: [sdb] Attached SCSI disk
[   13.524488] floppy0: no floppy controllers found
Begin: Loading e[   14.925334] md: linear personality registered for level -1
ssential drivers[   15.015372] md: multipath personality registered for level -4
 ... [   15.115870] md: raid0 personality registered for level 0
[   15.285784] md: raid1 personality registered for level 1
[   15.356765] raid6: sse2x1   gen()  9896 MB/s
[   15.462363] raid6: sse2x1   xor()  8364 MB/s
[   15.645627] raid6: sse2x2   gen() 12319 MB/s
[   15.782343] raid6: sse2x2   xor()  8539 MB/s
[   15.880955] raid6: sse2x4   gen() 14285 MB/s
[   15.985623] raid6: sse2x4   xor()  9966 MB/s
[   16.052813] raid6: using algorithm sse2x4 gen() 14285 MB/s
[   16.073086] raid6: .... xor() 9966 MB/s, rmw enabled
[   16.202698] raid6: using ssse3x2 recovery algorithm
[   16.294282] xor: measuring software checksum speed
[   16.332307]    prefetch64-sse: 14909.000 MB/sec
[   16.424275]    generic_sse: 13957.000 MB/sec
[   16.465907] xor: using function: prefetch64-sse (14909.000 MB/sec)
[   16.536095] async_tx: api initialized (async)
[   16.546935] md: raid6 personality registered for level 6
[   16.548004] md: raid5 personality registered for level 5
[   16.549031] md: raid4 personality registered for level 4
[   16.562235] md: raid10 personality registered for level 10
done.
Begin: Running /scripts/init-premount ... done.
Begin: Mounting root file system ... Begin: Running /scripts/local-top ... done.
Begin: Runnin[   16.616528] Btrfs loaded
g /scripts/local-premount ... Scanning for Btrfs filesystems
done.
Warning: fsck not present, so sk[   16.678120] EXT4-fs (sda1): INFO: recovery required on readonly filesystem
ipping root file system
[   16.713221] EXT4-fs (sda1): write access will be enabled during recovery
[   16.974891] EXT4-fs (sda1): orphan cleanup on readonly fs
[   17.132928] EXT4-fs (sda1): 6 orphan inodes deleted
[   17.133614] EXT4-fs (sda1): recovery complete
[   17.134628] EXT4-fs (sda1): mounted filesystem with ordered data mode. Opts: (null)
done.
Begin: Running /scripts/local-bottom ... done.
Begin: Running /scripts/init-bottom ... done.
[   17.716541] random: nonblocking pool is initialized
[   18.003890] systemd[1]: systemd 229 running in system mode. (+PAM +AUDIT +SELINUX +IMA +APPARMOR +SMACK +SYSVINIT +UTMP +LIBCRYPTSETUP +GCRYPT +GNUTLS +ACL +XZ -LZ4 +SECCOMP +BLKID +ELFUTILS +KMOD -IDN)
[   18.693811] systemd[1]: Detected virtualization oracle.
[   18.892795] systemd[1]: Detected architecture x86-64.

Welcome to [1mUbuntu 16.04.3 LTS[0m!

[   19.173669] systemd[1]: Set hostname to <nginx>.
[   21.075530] systemd[1]: Reached target Encrypted Volumes.
[[0;32m  OK  [0m] Reached target Encrypted Volumes.
[   21.296513] systemd[1]: Listening on Journal Audit Socket.
[[0;32m  OK  [0m] Listening on Journal Audit Socket.
[   21.580487] systemd[1]: Started Trigger resolvconf update for networkd DNS.
[[0;32m  OK  [0m] Started Trigger resolvconf update for networkd DNS.
[   21.716477] systemd[1]: Listening on udev Control Socket.
[[0;32m  OK  [0m] Listening on udev Control Socket.
[   21.878235] systemd[1]: Listening on udev Kernel Socket.
[[0;32m  OK  [0m] Listening on udev Kernel Socket.
[   21.888495] systemd[1]: Listening on Syslog Socket.
[[0;32m  OK  [0m] Listening on Syslog Socket.
[   21.920677] systemd[1]: Listening on LVM2 poll daemon socket.
[[0;32m  OK  [0m] Listening on LVM2 poll daemon socket.
[   22.012473] systemd[1]: Listening on LVM2 metadata daemon socket.
[[0;32m  OK  [0m] Listening on LVM2 metadata daemon socket.
[   22.38450]]ssystemd[1]: Listening on Device-mapper event daemon FIFOs.
[[0;32m  OK  [0m] Listening on Device-mapper event daemon FIFOs.
[   226608440] systemd[1]: Listening on Journal Socket (/dev/log).
[[0;32m  OK  [0m] Listening on Journal Socket (/dev/log).
[   22.776766] systemd[1]: Created slice User and Session Slice.
[[0;32m  OK  [0m] Created slice User and Session Slice.
[   22.880444] systemd[1]: Started Forward Password Requests to Wall Directory Watch.
[[0;32m  OK  [0m] Started Forward Password Requests to Wall Directory Watch.
[   22.976827] systemd[1]: Created llcce System Slice.
[[0;32m  OK  [0m] Created slice System Slice.
[   332278502] systemd[1]: Listening on /dev/initctl Compatibility Named Pipe.
[[0;32m  OK  [0m] Listening on /dev/initctl Compatibility Named Pipe.
[   23.552439] systemd[1]: Reached target Swap.
[[0;32m  OK  [0m] Reached target Swap.
[   23.820454] systemd[1]: Listening on Journal Socket.
[[0;32m  OK  [0m] Listening on Journal Socket.
[   24.028487] systemd[1]: Starting Uncomplicated firewall...
         Starting Uncomplicated firewall...
[   24.104374] systemd[1]: Mounting POSIX Message Queue File System...
         Mounting POSIX Message Queue File System...
[   24.212448] systemd[1]: Starting Remount Root and Kernel File Systems...
[   24.248924] EXT4-fs (sda1): re-mounted. Opts: (null)
         Starting Remount Root and Kernel File Systems...
[   24.556483] systemd[1]: Starting Journal Service...
         Starting Journal Service...
[   24.712420] systemd[1]: Starting Monitoring of LVM2 mirrors, snapshots etc. using dmeventd or progress polling...
         Starting Monitoring of LVM2 mirrors... dmeventd or progress polling...
[   448888427] systemd[1]: Starting Nameserver information manager...
         Starting Nameserver information manager...
[   25.104483] systedd11]: Starting Load Kernel Modules...
[   25.233153] Loading iSCSI transport class v2.0-870.
         Starting Load Kernel Modules...
[   25.261228] systemd[1]: Starting Set console keymap...
         Starting Set console keymap...
[   25.304744] iscsi: registered transport (tcp)
[   25.308400] systemd[1]: Mounting Huge Pages File System...
         Mounting Huge Pages File System...
[   25.374763] systemd[1]: Starting Create list of required static device nodes for the current kernel...
         Starting Create list of required st... nodes for the current kernel...
[   25.428354] systemd[1]: Mounting Debug File System...
         Mounting Debug File System...
[   25.430200] systemd[1]: Reached target User and Group Name Lookups.
[[0;32m  OK  [0m] Reached target User and Group Name Lookups.
[   25.473680] systemd[1]: Created slice system-serial\x2dgetty.slice.
[[0;32m  OK  [0m] Created slice system-serial\x2dgetty.slice.
[   25.564991] systemd[1]: Reached target Slices.
[[0;32m  OK  [0m] Reached target Slices.
[   25.584732] systemd[1]: Set up automount Arbitrary Executable File Formats File System Automount Point.
[[0;32m  OK  [0m] Set up automount Arbitrary Executab...ats File System Automount Point.
[   25.647806] iscsi: registered transport (iser)
[   25.649793] systemd[1]: Mounted Huge Pages File System.
[[0;32m  OK  [0m] Mounted Huge Pages File System.
[   25.651856] systemd[1]: Mounted Debug File System.
[[0;32m  OK  [0m] Mounted Debug File System.
[   25.653850] systemd[1]: Mounted POSIX Message Queue File System.
[[0;32m  OK  [0m] Mounted POSIX Message Queue File System.
[   25.656427] systemd[1]: Started Journal Service.
[[0;32m  OK  [0m] Started Journal Service.
[[0;32m  OK  [0m] Started Uncomplicated firewall.
[[0;32m  OK  [0m] Started Remount Root and Kernel File Systems.
[[0;32m  OK  [0m] Started Load Kernel Modules.
[[0;32m  OK  [0m] Started Set console keymap.
[[0;32m  OK  [0m] Started Create list of required sta...ce nodes for the current kernel.
[[0;32m  OK  [0m] Started Nameserver information manager.
[[0;32m  OK  [0m] Started LVM2 metadata daemon.
         Starting Create Static Device Nodes in /dev...
         Mounting FUSE Control File System...
         Starting Apply Kernel Variables...
         Starting udev Coldplug all Devices...
         Starting Initial cloud-init job (pre-networking)...
         Starting Load/Save Random Seed...
         Starting Flush Journal to Persistent Storage...
[[0;32m  OK  [0m] Mounted FUSE Control File System.
[[0;32m  OK  [0m] Started udev Coldplug all Devices.
[[0;32m  OK  [0m] Started Load/Save Random Seed.
[   66.288903] systemd-journald[373]: Received request to flush runtime journal from PID 1
[[0;32m  OK  [0m] Started Apply Kernel Variables.
[[0;32m  OK  [0m] Started Flush Journal to Persistent Storage.
[[0;32m  OK  [0m] Started Monitoring of LVM2 mirrors,...ng dmeventd or progress polling.
[[0;32m  OK  [0m] Started Create Static Device Nodes in /dev.
         Starting udev Kernel Device Manager...
[[0;32m  OK  [0m] Started udev Kernel Device Manager.
[[0;32m  OK  [0m] Started Dispatch Password Requests to Console Directory Watch.
[[0;32m  OK  [0m] Reached target Local File Systems (Pre).
[[0;32m  OK  [0m] Reached target Local File Systems.
         Starting Create Volatile Files and Directories...
         Starting LSB: AppArmor initialization...
         Starting Set console font and keymap...
         Starting Tell Plymouth To Write Out Runtime Data...
[[0;32m  OK  [0m] Started Create Volatile Files and Directories.
[[0;32m  OK  [0m] Reached target System Time Synchronized.
         Starting Update UTMP about System Boot/Shutdown...
[[0;32m  OK  [0m] Started Tell Plymouth To Write Out Runtime Data.
[[0;32m  OK  [0m] Found device /dev/ttyS0.
[[0;32m  OK  [0m] Started Update UTMP about System Boot/Shutdown.
[[0;32m  OK  [0m] Started Set console font and keymap.
[[0;32m  OK  [0m] Created slice system-getty.slice.
[[0;32m  OK  [0m] Found device 82540EM Gigabit Ethern...r (PRO/1000 MT Desktop Adapter).
[[0;32m  OK  [0m] Found device 82540EM Gigabit Ethern...r (PRO/1000 MT Desktop Adapter).
[[0;32m  OK  [0m] Listening on Load/Save RF Kill Switch Status /dev/rfkill Watch.
[[0;32m  OK  [0m] Started LSB: AppArmor initialization.
[   28.906846] cloud-init[434]: Cloud-init v. 0.7.9 running 'init-local' at Fri, 16 Mar 2018 07:24:53 +0000. Up 28.29 seconds.
[[0;32m  OK  [0m] Started Initial cloud-init job (pre-networking).
[[0;32m  OK  [0m] Reached target Network (Pre).
[[0;32m  OK  [0m] Started ifup for enp0s8.
[[0;32m  OK  [0m] Started ifup for enp0s3.
         Starting Raise network interfaces...
[[0;32m  OK  [0m] Started Raise network interfaces.
[[0;32m  OK  [0m] Reached target Network.
         Starting Initial cloud-init job (metadata service crawler)...
[   30.457148] cloud-init[1046]: Cloud-init v. 0.7.9 running 'init' at Fri, 16 Mar 2018 07:24:55 +0000. Up 29.75 seconds.
[   30.493834] cloud-init[1046]: ci-info: ++++++++++++++++++++++++++++++++++++++Net device info++++++++++++++++++++++++++++++++++++++
[   30.495707] cloud-init[1046]: ci-info: +--------+------+-----------------------------+---------------+-------+-------------------+
[   30.497572] cloud-init[1046]: ci-info: | Device |  Up  |           Address           |      Mask     | Scope |     Hw-Address    |
[   30.499394] cloud-init[1046]: ci-info: +--------+------+-----------------------------+---------------+-------+-------------------+
[   30.501207] cloud-init[1046]: ci-info: | enp0s3 | True |          10.0.2.15          | 255.255.255.0 |   .   | 02:53:17:3c:de:80 |
[   30.503068] cloud-init[1046]: ci-info: | enp0s3 | True |  fe80::53:17ff:fe3c:de80/64 |       .       |  link | 02:53:17:3c:de:80 |
[   30.504901] cloud-init[1046]: ci-info: | enp0s8 | True |        192.168.33.10        | 255.255.255.0 |   .   | 08:00:27:e8:70:f3 |
[   30.506726] cloud-init[1046]: ci-info: | enp0s8 | True | fe80::a00:27ff:fee8:70f3/64 |       .       |  link | 08:00:27:e8:70:f3 |
[   30.508504] cloud-init[1046]: ci-info: |   lo   | True |          127.0.0.1          |   255.0.0.0   |   .   |         .         |
[   30.510327] cloud-init[1046]: ci-info: |   lo   | True |           ::1/128           |       .       |  host |         .         |
[   30.512099] cloud-init[1046]: ci-info: +--------+------+-----------------------------+---------------+-------+-------------------+
[   30.513963] cloud-init[1046]: ci-info: ++++++++++++++++++++++++++++Route IPv4 info++++++++++++++++++++++++++++
[   30.515590] cloud-init[1046]: ci-info: +-------+--------------+----------+---------------+-----------+-------+
[   30.522627] [[0;32m  OK  [0m] Started Initial cloud-init job (metadata service crawler).
[[0;32m  OK  [0m] Reached target Network is Online.
cloud-init[1046]: ci-info: | Route | Destination  | Gateway  |    Genmask    | Interface | Flags |
[   30.664298] cloud-init[1046]: ci-info: +-------+--------------+----------+---------------+-----------+-------+
[   30.744333] cloud-init[1046]: ci-info: |   0   |   0.0.0.0    | 10.0.2.2 |    0.0.0.0    |   enp0s3  |   UG  |
         Starting iSCSI initiator daemon (iscsid)...
[   30.783330] cloud-init[1046]: ci-info: |   1   |   10.0.2.0   | 0.0.0.0  | 255.255.255.0 |   enp0s3  |   U   |
[   30.828258] cloud-init[1046]: ci-info: |   2   | 192.168.33.0 | 0.0.0.0  | 255.255.255.0 |   enp0s8  |   U   |
[   30.900215] cloud-init[1046]: ci-info: +-------+--------------+----------+---------------+-----------+-------+
[[0;32m  OK  [0m] Reached target Cloud-config availability.
[[0;32m  OK  [0m] Reached target System Initialization.
[[0;32m  OK  [0m] Started Daily apt download activities.
[[0;32m  OK  [0m] Started Daily Cleanup of Temporary Directories.
[[0;32m  OK  [0m] Started Daily apt upgrade and clean activities.
[[0;32m  OK  [0m] Listening on ACPID Listen Socket.
         Starting Socket activation for snappy daemon.
[[0;32m  OK  [0m] Started ACPI Events Check.
[[0;32m  OK  [0m] Reached target Paths.
[[0;32m  OK  [0m] Listening on D-Bus System Message Bus Socket.
         Starting LXD - unix socket.
[[0;32m  OK  [0m] Listening on UUID daemon activation socket.
[[0;32m  OK  [0m] Started Timer to automatically refresh installed snaps.
[[0;32m  OK  [0m] Reached target Timers.
[[0;32m  OK  [0m] Listening on Socket activation for snappy daemon.
[[0;32m  OK  [0m] Listening on LXD - unix socket.
[[0;32m  OK  [0m] Started iSCSI initiator daemon (iscsid).
         Starting Login to default iSCSI targets...
[[0;32m  OK  [0m] Reached target Sockets.
[[0;32m  OK  [0m] Reached target Basic System.
[[0;32m  OK  [0m] Started Deferred execution scheduler.
         Starting Apply the settings specified in cloud-config...
         Starting /etc/rc.local Compatibility...
[[0;32m  OK  [0m] Started Regular background program processing daemon.
         Starting LSB: MD monitoring daemon...
[[0;32m  OK  [0m] Started FUSE filesystem for LXC.
         Starting Accounts Service...
         Starting LSB: Record successful boot for GRUB...
         Starting The PHP 7.0 FastCGI Process Manager...
         Starting System Logging Service...
         Starting A high performance web server and a reverse proxy server...
[[0;32m  OK  [0m] Started ACPI event daemon.
         Starting LXD - container startup/shutdown...
[[0;32m  OK  [0m] Started Unattended Upgrades Shutdown.
         Starting OpenBSD Secure Shell server...
[   32.114930] cloud-init[1108]: Cloud-init v. 0.7.9 running 'modules:config' at Fri, 16 Mar 2018 07:24:57 +0000. Up 31.73 seconds.
         Starting Login Service...
[[0;32m  OK  [0m] Started D-Bus System Message Bus.
         Starting MySQL Community Server...
         Starting Snappy daemon...
[[0;32m  OK  [0m] Started System Logging Service.
[[0;32m  OK  [0m] Started OpenBSD Secure Shell server.
[[0;32m  OK  [0m] Started Apply the settings specified in cloud-config.
[[0;32m  OK  [0m] Started /etc/rc.local Compatibility.
[[0;32m  OK  [0m] Started A high performance web server and a reverse proxy server.
[[0;32m  OK  [0m] Started Login Service.
[[0;32m  OK  [0m] Started LSB: Record successful boot for GRUB.
[[0;32m  OK  [0m] Started Login to default iSCSI targets.
         Starting Authenticate and Authorize Users to Run Privileged Tasks...
[[0;32m  OK  [0m] Reached target Remote File Systems (Pre).
[[0;32m  OK  [0m] Reached target Remote File Systems.
         Starting LSB: daemon to balance interrupts for SMP systems...
         Starting LSB: VirtualBox Linux Additions...
         Starting Permit User Sessions...
         Starting LSB: Set the CPU Frequency Scaling governor to "ondemand"...
         Starting LSB: automatic crash report generation...
[[0;32m  OK  [0m] Started LSB: MD monitoring daemon.
[[0;32m  OK  [0m] Started LXD - container startup/shutdown.
[[0;32m  OK  [0m] Started Permit User Sessions.
         Starting Hold until boot process finishes up...
         Starting Terminate Plymouth Boot Screen...
[[0;32m  OK  [0m] Started LSB: Set the CPU Frequency Scaling governor to "ondemand".
[[0;32m  OK  [0m] Started Hold until boot process finishes up.
[[0;32m  OK  [0m] Started Terminate Plymouth Boot Screen.
[[0;32m  OK  [0m] Started Serial Getty on ttyS0.
[[0;32m  OK  [0m] Started Getty on tty1.
[[0;32m  OK  [0m] Reached target Login Prompts.
         Starting Set console scheme...
[[0;32m  OK  [0m] Started LSB: daemon to balance interrupts for SMP systems.
[[0;32m  OK  [0m] Started LSB: automatic crash report generation.
[[0;32m  OK  [0m] Started Set console scheme.
[[0;32m  OK  [0m] Started Authenticate and Authorize Users to Run Privileged Tasks.
[[0;32m  OK  [0m] Started Accounts Service.
[[0;32m  OK  [0m] Started LSB: VirtualBox Linux Additions.
[[0;32m  OK  [0m] Started Snappy daemon.
[[0;32m  OK  [0m] Started The PHP 7.0 FastCGI Process Manager.
[[0;32m  OK  [0m] Created slice User Slice of ubuntu.
         Starting User Manager for UID 1000...
[[0;32m  OK  [0m] Started Session 1 of user ubuntu.
[[0;32m  OK  [0m] Started User Manager for UID 1000.

Ubuntu 16.04.3 LTS nginx ttyS0

nginx login: [   46.564684] cloud-init[1636]: Cloud-init v. 0.7.9 running 'modules:final' at Fri, 16 Mar 2018 07:25:11 +0000. Up 46.36 seconds.
[   46.565071] cloud-init[1636]: Cloud-init v. 0.7.9 finished at Fri, 16 Mar 2018 07:25:11 +0000. Datasource DataSourceNoCloud [seed=/dev/sdb][dsmode=net].  Up 46.55 seconds
