[    0.000000] Initializing cgroup subsys cpuset
[    0.000000] Initializing cgroup subsys cpu
[    0.000000] Initializing cgroup subsys cpuacct
[    0.000000] Linux version 4.4.0-98-generic (buildd@lcy01-03) (gcc version 5.4.0 20160609 (Ubuntu 5.4.0-6ubuntu1~16.04.4) ) #121-Ubuntu SMP Tue Oct 10 14:24:03 UTC 2017 (Ubuntu 4.4.0-98.121-generic 4.4.90)
[    0.000000] Command line: BOOT_IMAGE=/boot/vmlinuz-4.4.0-98-generic root=LABEL=cloudimg-rootfs ro console=tty1 console=ttyS0
[    0.000000] KERNEL supported cpus:
[    0.000000]   Intel GenuineIntel
[    0.000000]   AMD AuthenticAMD
[    0.000000]   Centaur CentaurHauls
[    0.000000] x86/fpu: Supporting XSAVE feature 0x01: 'x87 floating point registers'
[    0.000000] x86/fpu: Supporting XSAVE feature 0x02: 'SSE registers'
[    0.000000] x86/fpu: Enabled xstate features 0x3, context size is 576 bytes, using 'standard' format.
[    0.000000] x86/fpu: Using 'lazy' FPU context switches.
[    0.000000] e820: BIOS-provided physical RAM map:
[    0.000000] BIOS-e820: [mem 0x0000000000000000-0x000000000009fbff] usable
[    0.000000] BIOS-e820: [mem 0x000000000009fc00-0x000000000009ffff] reserved
[    0.000000] BIOS-e820: [mem 0x00000000000f0000-0x00000000000fffff] reserved
[    0.000000] BIOS-e820: [mem 0x0000000000100000-0x000000003ffeffff] usable
[    0.000000] BIOS-e820: [mem 0x000000003fff0000-0x000000003fffffff] ACPI data
[    0.000000] BIOS-e820: [mem 0x00000000fec00000-0x00000000fec00fff] reserved
[    0.000000] BIOS-e820: [mem 0x00000000fee00000-0x00000000fee00fff] reserved
[    0.000000] BIOS-e820: [mem 0x00000000fffc0000-0x00000000ffffffff] reserved
[    0.000000] NX (Execute Disable) protection: active
[    0.000000] SMBIOS 2.5 present.
[    0.000000] Hypervisor detected: KVM
[    0.000000] e820: last_pfn = 0x3fff0 max_arch_pfn = 0x400000000
[    0.000000] MTRR: Disabled
[    0.000000] x86/PAT: MTRRs disabled, skipping PAT initialization too.
[    0.000000] CPU MTRRs all blank - virtualized system.
[    0.000000] x86/PAT: Configuration [0-7]: WB  WT  UC- UC  WB  WT  UC- UC  
[    0.000000] found SMP MP-table at [mem 0x0009fff0-0x0009ffff] mapped at [ffff88000009fff0]
[    0.000000] Scanning 1 areas for low memory corruption
[    0.000000] RAMDISK: [mem 0x36acc000-0x3755dfff]
[    0.000000] ACPI: Early table checksum verification disabled
[    0.000000] ACPI: RSDP 0x00000000000E0000 000024 (v02 VBOX  )
[    0.000000] ACPI: XSDT 0x000000003FFF0030 00003C (v01 VBOX   VBOXXSDT 00000001 ASL  00000061)
[    0.000000] ACPI: FACP 0x000000003FFF00F0 0000F4 (v04 VBOX   VBOXFACP 00000001 ASL  00000061)
[    0.000000] ACPI: DSDT 0x000000003FFF0470 0021FF (v02 VBOX   VBOXBIOS 00000002 INTL 20160108)
[    0.000000] ACPI: FACS 0x000000003FFF0200 000040
[    0.000000] ACPI: FACS 0x000000003FFF0200 000040
[    0.000000] ACPI: APIC 0x000000003FFF0240 00005C (v02 VBOX   VBOXAPIC 00000001 ASL  00000061)
[    0.000000] ACPI: SSDT 0x000000003FFF02A0 0001CC (v01 VBOX   VBOXCPUT 00000002 INTL 20160108)
[    0.000000] No NUMA configuration found
[    0.000000] Faking a node at [mem 0x0000000000000000-0x000000003ffeffff]
[    0.000000] NODE_DATA(0) allocated [mem 0x3ffeb000-0x3ffeffff]
[    0.000000] kvm-clock: Using msrs 4b564d01 and 4b564d00
[    0.000000] kvm-clock: cpu 0, msr 0:3ffe3001, primary cpu clock
[    0.000000] kvm-clock: using sched offset of 3237709610 cycles
[    0.000000] clocksource: kvm-clock: mask: 0xffffffffffffffff max_cycles: 0x1cd42e4dffb, max_idle_ns: 881590591483 ns
[    0.000000] Zone ranges:
[    0.000000]   DMA      [mem 0x0000000000001000-0x0000000000ffffff]
[    0.000000]   DMA32    [mem 0x0000000001000000-0x000000003ffeffff]
[    0.000000]   Normal   empty
[    0.000000]   Device   empty
[    0.000000] Movable zone start for each node
[    0.000000] Early memory node ranges
[    0.000000]   node   0: [mem 0x0000000000001000-0x000000000009efff]
[    0.000000]   node   0: [mem 0x0000000000100000-0x000000003ffefff]
[    0.000000] Initmem setup node 0 [mem 0x0000000000001000-0x000000003ffeffff]
[    0.000000] ACPI: PM-Timer IO Port: 0x4008
[    0.000000] IOAPIC[0]: apic_id 2, version 32, address 0xfec00000, GSI 0-23
[    0.000000] ACPI: INT_SRC_OVR (bus 0 bus_irq 0 global_irq 2 dfl dfl)
[    0.000000] ACPI: INT_SRC_OVR (bus 0 bus_irq 9 global_irq 9 high level)
[    0.000000] Using ACPI (MADT) for SMP configuration information
[    0.000000] smpboot: Allowing 2 CPUs, 0 hotplug CPUs
[    0.000000] PM: Registered nosave memory: [mem 0x00000000-0x00000fff]
[    0.000000] PM: Registered nosave memory: [mem 0x0009f000-0x0009ffff]
[    0.000000] PM: Registered nosave memory: [mem 0x000a0000-0x000effff]
[    0.000000] PM: Registered nosave memory: [mem 0x000f0000-0x000fffff]
[    0.000000] e820: [mem 0x40000000-0xfebfffff] available for PCI devices
[    0.000000] Booting paravirtualized kernel on KVM
[    0.000000] clocksource: refined-jiffies: mask: 0xffffffff max_cycles: 0xffffffff, max_idle_ns: 7645519600211568 ns
[    0.000000] setup_percpu: NR_CPUS:512 nr_cpumask_bits:512 nr_cpu_ids:2 nr_node_ids:1
[    0.000000] PERCPU: Embedded 34 pages/cpu @ffff88003fc00000 s98328 r8192 d32744 u1048576
[    0.000000] PV qspinlock hash table entries: 256 (order: 0, 4096 bytes)
[    0.000000] Built 1 zonelists in Node order, mobility grouping on.  Total pages: 257913
[    0.000000] Policy zone: DMA32
[    0.000000] Kernel command line: BOOT_IMAGE=/boot/vmlinuz-4.4.0-98-generic root=LABEL=cloudimg-rootfs ro console=tty1 console=ttyS0
[    0.000000] PID hash table entries: 4096 (order: 3, 32768 bytes)
[    0.000000] Memory: 1001740K/1048120K available (8484K kernel code, 1294K rwdata, 3988K rodata, 1492K init, 1316K bss, 46380K reserved, 0K cma-reserved)
[    0.000000] SLUB: HWalign=64, Order=0-3, MinObjects=0, CPUs=2, Nodes=1
[    0.000000] Hierarchical RCU implementation.
[    0.000000] 	Build-time adjustment of leaf fanout to 64.
[    0.000000] 	RCU restricting CPUs from NR_CPUS=512 to nr_cpu_ids=2.
[    0.000000] RCU: Adjusting geometry for rcu_fanout_leaf=64, nr_cpu_ids=2
[    0.000000] NR_IRQS:33024 nr_irqs:440 16
[    0.000000] Console: colour VGA+ 80x25
[    0.000000] console [tty1] enabled
[    0.000000] console [ttyS0] enabled
[    0.000000] tsc: Detected 3092.836 MHz processor
[    2.062386] Calibrating delay loop (skipped) preset value.. 6185.67 BogoMIPS lpj=12371344)
[    2.243580] pid_max: default: 32768 minimum: 301
[    2.340414] ACPI: Core revision 20150930
[    2.415578] ACPI: 2 ACPI AML tables successfully acquired and loaded
[    2.435059] Security Framework initialized
[    2.514060] Yama: becoming mindful.
[    2.566024] AppArmor: AppArmor initialized
[    2.655226] Dentry cache hash table entries: 131072 (order: 8, 1048576 bytes)
[    2.795448] Inode-cache hash table entries: 65536 (order: 7, 524288 bytes)
[    2.923631] Mount-cache hash table entries: 2048 (order: 2, 16384 bytes)
[    3.055166] Mountpoint-cache hash table entries: 2048 (order: 2, 16384 bytes)
[    3.187382] Initializing cgroup subsys io
[    3.262624] Initiaizin cgroup subsys memory
[    3.362236] Initializing cgroup subsys devices
[    3.369811] Initializing cgroup subsys freezer
[    3.439493] Initializing cgroup subsys net_cls
[    3.537844] Initializing cgroup subsys perf_event
[    3.545099] Initializing cgroup subsys net_prio
[    3.546039] Initializing cgroup subsys hugetlb
[    3.546913] Initializing cgroup subsys pids
[    3.547828] CPU: Physical Processor ID: 0
[    3.548680] CPU: Processor Core ID: 0
[    3.550259] mce: CPU supports 0 MCE banks
[    3.629107] Last level iTLB entries: 4KB 1024, 2MB 1024, 4MB 1024
[    3.751372] Last level dTLB entries: 4KB 1024, 2MB 1024, 4MB 1024, 1GB 4
[    3.812952] Freeing SMP alternatives memory: 32K
[    3.905250] ftrace: allocating 32154 entries in 126 pages
[    4.038634] smpboot: APIC(0) Converting physical 0 to logical package 0
[    4.123898] smpboot: Max logical packages: 1
[    4.157026] x2apic enabled
[    4.157871] Switched APIC routing to physical x2apic.
[    4.165830] ..TIMER: vector=0x30 apic1=0 pin1=2 apic2=-1 pin2=-1
[    4.326258] APIC calibration not consistent with PM-Timer: 97ms instead of 100ms
[    4.333070] APIC delta adjusted to PM-Timer: 6277522 (6136786)
[    4.334256] smpboot: CPU0: Intel(R) Pentium(R) CPU G3240 @ 3.10GHz (family: 0x6, model: 0x3c, stepping: 0x3)
[    4.336263] Performance Events: unsupported p6 CPU model 60 no PMU driver, software events only.
[    4.338094] KVM setup paravirtual spinlock
[    4.339650] x86: Booting SMP configuration:
[    4.340527] .... node  #0, CPUs:      #1
[    4.341464] kvm-clock: cpu 1, msr 0:3ffe3041, secondary cpu clock
[    4.352317] mce: CPU supports 0 MCE banks
[    4.390821] x86: Booted up 1 node, 2 CPUs
[    4.408445] smpboot: Total of 2 processors activated (12371.34 BogoMIPS)
[    4.444458] devtmpfs: initialized
[    4.471039] evm: security.selinux
[    4.498796] evm: security.SMACK64
[    4.511440] evm: security.SMACK64EXEC
[    4.512012] evm: security.SMACK64TRANSMUTE
[    4.512613] evm: security.SMACK64MMAP
[    4.513173] evm: security.ima
[    4.513671] evm: security.capability
[    4.523217] clocksource: jiffies: mask: 0xffffffff max_cycles: 0xffffffff, max_idle_ns: 7645041785100000 ns
[    4.531113] futex hash table entries: 512 (order: 3, 32768 bytes)
[    4.538783] pinctrl core: initialized pinctrl subsystem
[    4.542657] RTC time: 11:50:19, date: 03/12/18
[    4.545380] NET: Registered protocol family 16
[    4.583860] cpuidle: using governor ladder
[    4.608131] cpuidle: using governor menu
[    4.627007] PCCT header not found.
[    4.627625] ACPI: bus type PCI registered
[    4.628227] acpiphp: ACPI Hot Plug PCI Controller Driver version: 0.5
[    4.629142] PCI: Using configuration type 1 for base access
[    4.652799] ACPI: Added _OSI(Module Device)
[    4.666850] ACPI: Added _OSI(Processor Device)
[    4.668940] ACPI: Added _OSI(3.0 _SCP Extensions)
[    4.675707] ACPI: Added _OSI(Processor Aggregator Device)
[    4.682304] ACPI: Executed 1 blocks of module-level executable AML code
[    4.684850] ACPI: Interpreter enabled
[    4.694134] ACPI: (supports S0 S5)
[    4.699414] ACPI: Using IOAPIC for interrupt routing
[    4.700266] PCI: Using host bridge windows from ACPI; if necessary, use "pci=nocrs" and report a bug
[    4.704381] ACPI: PCI Root Bridge [PCI0] (domain 0000 [bus 00-ff])
[    4.718181] acpi PNP0A03:00: _OSC: OS supports [ASPM ClockPM Segments MSI]
[    4.719073] acpi PNP0A03:00: _OSC: not requesting OS control; OS requires [ExtendedConfig ASPM ClockPM MSI]
[    4.772947] acpi PNP0A03:00: fail to add MMCONFIG information, can't access extended PCI configuration space under this bridge.
[    4.823879] PCI host bridge to bus 0000:00
[    4.833750] pci_bus 0000:00: root bus resource [io  0x0000-0x0cf7 window]
[    4.846908] pci_bus 0000:00: root bus resource [io  0x0d00-0xffff window]
[    4.848121] pci_bus 0000:00: root bus resource [mem 0x000a0000-0x000bffff window]
[    4.849672] pci_bus 0000:00: root bus resource [mem 0x40000000-0xffdfffff window]
[    4.915383] pci_bus 0000:00: root bus resource [bus 00-ff]
[    4.923739] pci 0000:00:01.1: legacy IDE quirk: reg 0x10: [io  0x01f0-0x01f7]
[    4.946898] pci 0000:00:01.1: legacy IDE quirk: reg 0x14: [io  0x03f6]
[    4.959789] pci 0000:00:01.1: legacy IDE quirk: reg 0x18: [io  0x0170-0x0177]
[    4.960675] pci 0000:00:01.1: legacy IDE quirk: reg 0x1c: [io  0x0376]
[    4.986024] pci 0000:00:07.0: quirk: [io  0x4000-0x403f] claimed by PIIX4 ACPI
[    4.992786] pci 0000:00:07.0: quirk: [io  0x4100-0x410f] claimed by PIIX4 SMB
[    5.047740] ACPI: PCI Interrupt Link [LNKA] (IRQs 5 9 10 *11)
[    5.065411] ACPI: PCI Interrupt Link [LNKB] (IRQs 5 9 10 *11)
[    5.104721] ACPI: PCI Interrupt Link [LNKC] (IRQs 5 9 *10 11)
[    5.120570] ACPI: PCI Interrupt Link [LNKD] (IRQs 5 *9 10 11)
[    5.121765] ACPI: Enabled 2 GPEs in block 00 to 07
[    5.123915] vgaarb: setting as boot device: PCI:0000:00:02.0
[    5.132734] vgaarb: device added: PCI:0000:00:02.0,decodes=io+mem,owns=io+mem,locks=none
[    5.133905] vgaarb: loaded
[    5.135463] vgaarb: bridge control possible 0000:00:02.0
[    5.145111] SCSI subsystem initialized
[    5.157037] ACPI: bus type USB registered
[    5.168054] usbcore: registered new interface driver usbfs
[    5.170178] usbcore: registered new interface driver hub
[    5.171267] usbcore: registered new device driver usb
[    5.172684] PCI: Using ACPI for IRQ routing
[    5.182615] NetLabel: Initializing
[    5.183166] NetLabel:  domain hash size = 128
[    5.183791] NetLabel:  protocols = UNLABELED CIPSOv4
[    5.193374] NetLabel:  unlabeled traffic allowed by default
[    5.195533] amd_nb: Cannot enumerate AMD northbridges
[    5.199958] clocksource: Switched to clocksource kvm-clock
[    5.211457] AppArmor: AppArmor Filesystem Enabled
[    5.223132] pnp: PnP ACPI init
[    5.224437] pnp: PnP ACPI: found 3 devices
[    5.246408] clocksource: acpi_pm: mask: 0xffffff max_cycles: 0xffffff, max_idle_ns: 2085701024 ns
[    5.260566] NET: Registered protocol family 2
[    5.261828] TCP established hash table entries: 8192 (order: 4, 65536 bytes)
[    5.270304] TCP bind hash table entries: 8192 (order: 5, 131072 bytes)
[    5.284119] TCP: Hash tables configured (established 8192 bind 8192)
[    5.284965] UDP hash table entries: 512 (order: 2, 16384 bytes)
[    5.285752] UDP-Lite hash table entries: 512 (order: 2, 16384 bytes)
[    5.288900] NET: Registered protocol family 1
[    5.289574] pci 0000:00:00.0: Limiting direct PCI/PCI transfers
[    5.292896] pci 0000:00:01.0: Activating ISA DMA hang workarounds
[    5.299523] Unpacking initramfs...
[    6.910529] Freeing initrd memory: 10824K
[    6.936904] RAPL PMU detected, API unit is 2^-32 Joules, 4 fixed counters 10737418240 ms ovfl timer
[    6.950957] hw unit of domain pp0-core 2^-0 Joules
[    6.951626] hw unit of domain package 2^-0 Joules
[    6.953864] hw unit of domain dram 2^-0 Joules
[    6.954933] hw unit of domain pp1-gpu 2^-0 Joules
[    6.986621] platform rtc_cmos: registered platform RTC device (no PNP device found)
[    6.991926] Scanning for low memory corruption every 60 seconds
[    7.004662] audit: initializing netlink subsys (disabled)
[    7.019595] audit: type=2000 audit(1520855422.670:1): initialized
[    7.028849] Initialise system trusted keyring
[    7.064927] HugeTLB registered 2 MB page size, pre-allocated 0 pages
[    7.089473] zbud: loaded
[    7.174803] VFS: Disk quotas dquot_6.6.0
[    7.184582] VFS: Dquot-cache hash table entries: 512 (order 0, 4096 bytes)
[    7.215123] squashfs: version 4.0 (2009/01/31) Phillip Lougher
[    7.225039] fuse init (API version 7.23)
[    7.231057] Key type big_key registered
[    7.234546] Allocating IMA MOK and blacklist keyrings.
[    7.236340] Key type asymmetric registered
[    7.274533] Asymmetric key parser 'x509' registered
[    7.406637] Block layer SCSI generic (bsg) driver version 0.4 loaded (major 249)
[    7.554918] io scheduler noop registered
[    7.618849] io scheduler deadline registered (default)
[    7.744681] io scheduler cfq registered
[    7.751444] pci_hotplug: PCI Hot Plug PCI Core version: 0.5
[    7.752228] pciehp: PCI Express Hot Plug Controller Driver version: 0.4
[    7.753232] ACPI: AC Adapter [AC] (on-line)
[    7.753939] input: Power Button as /devices/LNXSYSTM:00/LNXPWRBN:00/input/input0
[    7.755079] ACPI: Power Button [PWRF]
[    7.755710] input: Sleep Button as /devices/LNXSYSTM:00/LNXSLPBN:00/input/input1
[    7.785164] ACPI: Sleep Button [SLPF]
[    7.785996] GHES: HEST is not enabled!
[    7.790082] Serial: 8250/16550 driver, 32 ports, IRQ sharing enabled
[    7.812395] 00:02: ttyS0 at I/O 0x3f8 (irq = 4, base_baud = 115200) is a 16550A
[    7.836180] Linux agpgart interface v0.103
[    7.896107] loop: module loaded
[    7.935189] scsi host0: ata_piix
[   779944603] scsi host1: ata_piix
[    7.984007] tsc: Refined TSC clocksource calibration: 3092.492 MHz
[    7.984009] clocksource: tsc: mask: 0xffffffffffffffff max_cycles: 0x2c939329b51, max_idle_ns: 440795358392 ns
[    8.026191] ata1: PATA max UDMA/33 cmd 0x1f0 ctl 0x3f6 bmdma 0xd000 irq 14
[   880044578] ata2: PATA max UDMA/33 cmd 0x170 ctl 0x376 bmdma 0xd008 irq 15
[    8.114971] libphy: Fixed MDIO Bus: probed
[    8.144600] tun: Universal TUN/TAP device driver, 1.6
[    8.154657] tun: (C) 1999-2004 Max Krasnyansky <maxk@qualcomm.com>
[    8.155555] PPP generic driver version 2.4.2
[    8.156274] ehci_hcd: USB 2.0 'Enhanced' Host Controller (EHCI) Driver
[    8.157161] ehci-pci: EHCI PCI platform driver
[    8.157846] ehci-platform: EHCI generic platform driver
[    8.159700] ohci_hcd: USB 1.1 'Open' Host Controller (OHCI) Driver
[    8.160545] ohci-pci: OHCI PCI platform driver
[    8.161217] ohci-platform: OHCI generic platform driver
[    8.161964] uhci_hcd: USB Universal Host Controller Interface driver
[    8.162867] i8042: PNP: PS/2 Controller [PNP0303:PS2K,PNP0f03:PS2M] at 0x60,0x64 irq 1,12
[    8.164512] serio: i8042 KBD port at 0x60,0x64 irq 1
[    8.184645] serio: i8042 AUX port at 0x60,0x64 irq 12
[    8.185536] mousedev: PS/2 mouse device common for all mice
[    8.195116] input: AT Translated Set 2 keyboard as /devices/platform/i8042/serio0/input/input2
[    8.205225] rtc_cmos rtc_cmos: rtc core: registered rtc_cmos as rtc0
[    8.206120] rtc_cmos rtc_cmos: alarms up to one day, 114 bytes nvram
[    8.206962] i2c /dev entries driver
[    8.207614] device-mapper: uevent: version 1.0.3
[    8.208376] device-mapper: ioctl: 4.34.0-ioctl (2015-10-28) initialised: dm-devel@redhat.com
[    8.210745] ledtrig-cpu: registered to indicate activity on CPUs
[    8.225261] NET: Registered protocol family 10
[    8.284899] NET: Registered protocol family 17
[    8.285830] Key type dns_resolver registered
[    8.291129] microcode: CPU0 sig=0x306c3, pf=0x40, revision=0x0
[    8.312042] microcode: CPU1 sig=0x306c3, pf=0x40, revision=0x0
[    8.313729] microcode: Microcode Update Driver: v2.01 <tigran@aivazian.fsnet.co.uk>, Peter Oruba
[    8.328688] registered taskstats version 1
[    8.331461] Loading compiled-in X.509 certificates
[    8.332745] Loaded X.509 cert 'Build time autogenerated kernel key: 7431eaeda5a51458aeb00f8de0f18f89e178d882'
[    8.335291] zswap: loaded using pool lzo/zbud
[    8.337532] Key type trusted registered
[    8.355584] Key type encrypted registered
[    8.376287] AppArmor: AppArmor sha1 policy hashing enabled
[    8.392213] ima: No TPM chip found, activating TPM-bypass!
[    8.419339] evm: HMAC attrs: 0x1
[    8.421092]   Magic number: 10:834:832
[    8.430195] rtc_cmos rtc_cmos: setting system clock to 2018-03-12 11:50:23 UTC (1520855423)
[    8.443074] BIOS EDD facility v0.16 2004-Jun-25, 0 devices found
[    8.463960] EDD information not available.
[    8.484910] Freeing unused kernel memory: 1492K
[    8.501912] Write protecting the kernel read-only data: 14336k
[    8.526516] Freeing unused kernel memory: 1744K
[    8.554994] Freeing unused kernel memory: 108K
Loading, please wait...
starting version 229
[    8.588457] random: systemd-udevd: uninitialized urandom read (16 bytes read, 2 bits of entropy available)
[    8.590566] random: systemd-udevd: uninitialized urandom read (16 bytes read, 2 bits of entropy available)
[    8.592596] random: systemd-udevd: uninitialized urandom read (16 bytes read, 2 bits of entropy available)
[    8.594043] random: udevadm: uninitialized urandom read (16 bytes read, 2 bits of entropy available)
[    8.594061] random: udevadm: uninitialized urandom read (16 bytes read, 2 bits of entropy available)
[    8.598051] random: systemd-udevd: uninitialized urandom read (16 bytes read, 2 bits of entropy available)
[    8.603490] random: systemd-udevd: uninitialized urandom read (16 bytes read, 2 bits of entropy available)
[    8.605650] random: systemd-udevd: uninitialized urandom read (16 bytes read, 2 bits of entropy available)
[    8.607647] random: systemd-udevd: uninitialized urandom read (16 bytes read, 2 bits of entropy available)
[    8.609997] random: systemd-udevd: uninitialized urandom read (16 bytes read, 2 bits of entropy available)
[    8.647042] e1000: Intel(R) PRO/1000 Network Driver - version 7.3.21-k8-NAPI
[    8.648427] e1000: Copyright (c) 1999-2006 Intel Corporation.
[    8.659928] Fusion MPT base driver 3.04.20
[    8.661031] Copyright (c) 1999-2008 LSI Corporation
[    8.698750] Fusion MPT SPI Host driver 3.04.20
[    8.877453] input: ImExPS/2 Generic Explorer Mouse as /devices/platform/i8042/serio1/input/input4
[    9.059130] e1000 0000:00:03.0 eth0: (PCI:33MHz:32-bit) 02:53:17:3c:de:80
[    9.244388] e1000 0000:00:03.0 eth0: Intel(R) PRO/1000 Network Connection
[    9.835142] e1000 0000:00:08.0 eth1: (PCI:33MHz:32-bit) 08:00:27:e8:70:f3
[    9.996257] e1000 0000:00:08.0 eth1: Intel(R) PRO/1000 Network Connection
[   10.225661] e1000 0000:00:08.0 enp0s8: renamed from eth1
[   10.227350] mptbase: ioc0: Initiating bringup
[   10.236321] e1000 0000:00:03.0 enp0s3: renamed from eth0
[   10.300195] ioc0: LSI53C1030 A0: Capabilities={Initiator}
[   10.505371] scsi host2: ioc0: LSI53C1030 A0, FwRev=00000000h, Ports=1, MaxQ=256, IRQ=20
[   10.627048] scsi 2:0:0:0: Direct-Access     VBOX     HARDDISK         1.0  PQ: 0 ANSI: 5
[   10.685695] scsi target2:0:0: Beginning Domain Validation
[   10.699704] scsi target2:0:0: Domain Validation skipping write tests
[   10.705509] scsi target2:0:0: Ending Domain Validation
[   10.715623] scsi target2:0:0: asynchronous
[   10.724067] scsi 2:0:1:0: Direct-Access     VBOX     HARDDISK         1.0  PQ: 0 ANSI: 5
[   10.748628] scsi target2:0:1: Beginning Domain Validation
[   10.749991] scsi target2:0:1: Domain Validation skipping write tests
[   10.756876] scsi target2:0:1: Ending Domain Validation
[   10.757641] scsi target2:0:1: asynchronous
[   10.763259] sd 2:0:0:0: Attached scsi generic sg0 type 0
[   10.769615] sd 2:0:0:0: [sda] 20971520 512-byte logical blocks: (10.7 GB/10.0 GiB)
[   10.780497] sd 2:0:1:0: [sdb] 20480 512-byte logical blocks: (10.5 MB/10.0 MiB)
[   10.829670] sd 2:0:1:0: Attached scsi generic sg1 type 0
[   10.829777] sd 2:0:0:0: [sda] Write Protect is off
[   10.833849] sd 2:0:0:0: [sda] Incomplete mode parameter data
[   10.833851] sd 2:0:0:0: [sda] Assuming drive cache: write through
[   10.853599] sd 2:0:1:0: [sdb] Write Protect is off
[   10.861874] sd 2:0:1:0: [sdb] Incomplete mode parameter data
[   10.863020] sd 2:0:1:0: [sdb] Assuming drive cache: write through
[   10.877351]  sda: sda1
[   10.892031] sd 2:0:1:0: [sdb] Attached SCSI disk
[   11.364933] sd 2:0:0:0: [sda] Attached SCSI disk
[   11.708142] floppy0: no floppy controllers found
Begin: Loading e[   13.059981] md: linear personality registered for level -1
ssential drivers ... [   13.064613] md: multipath personality registered for level -4
[   13.068907] md: raid0 personality registered for level 0
[   13.072747] md: raid1 personality registered for level 1
[   13.414011] raid6: sse2x1   gen() 10680 MB/s
[   13.664002] raid6: sse2x1   xor()  8297 MB/s
[   13.904004] raid6: sse2x2   gen() 13607 MB/s
[   14.124016] raid6: sse2x2   xor()  8586 MB/s
[   14.356007] raid6: sse2x4   gen() 13963 MB/s
[   14.627968] raid6: sse2x4   xor() 10008 MB/s
[   14.804382] raid6: using algorithm sse2x4 gen() 13963 MB/s
[   15.054412] raid6: .... xor() 10008 MB/s, rmw enabled
[   15.169829] raid6: using ssse3x2 recovery algorithm
[   15.175274] xor: measuring software checksum speed
[   15.232016]    prefetch64-sse: 15471.000 MB/sec
[   15.315973]    generic_sse: 14425.000 MB/sec
[   15.325987] xor: using function: prefetch64-sse (15471.000 MB/sec)
[   15.328134] async_tx: api initialized (async)
[   15.431612] md: raid6 personality registered for level 6
[   15.644387] md: raid5 personality registered for level 5
[   15.884393] md: raid4 personality registered for level 4
[   16.078955] md: raid10 personality registered for level 10
done.
Begin: Running /scripts/init-premount ... done.
Begin: Mounting root file system ... Begin: Running /scripts/local-top ... done.
Begin: Running /scripts/local-premount ... [   16.287990] Btrfs loaded
Scanning for Btrfs filesystems
done.
Warning: fsck no[   16.432702] EXT4-fs (sda1): mounted filesystem with ordered data mode. Opts: (null)
t present, so skipping root file system
done.
Begin: Running /scripts/local-bottom ... done.
Begin: Running /scripts/init-bottom ... done.
[   17.395670] random: nonblocking pool is initialized
[   17.481289] systemd[1]: systemd 229 running in system mode. (+PAM +AUDIT +SELINUX +IMA +APPARMOR +SMACK +SYSVINIT +UTMP +LIBCRYPTSETUP +GCRYPT +GNUTLS +ACL +XZ -LZ4 +SECCOMP +BLKID +ELFUTILS +KMOD -IDN)
[   17.522416] systemd[1]: Detected virtualization oracle.
[   17.534234] systemd[1]: Detected architecture x86-64.

Welcome to [1mUbuntu 16.04.3 LTS[0m!

[   17.592930] systemd[1]: Set hostname to <nginx>.
[   18.957897] systemd[1]: Listening on LVM2 metadata daemon socket.
[[0;32m  OK  [0m] Listening on LVM2 metadata daemon socket.
[   19.072207] systemd[1]: Listening on Journal Audit Socket.
[[0;32m  OK  [0m] Listening on Journal Audit Socket.
[   19.154877] systemd[1]: Created slice System Slice.
[[0;32m  OK  [0m] Created slice System Slice.
[   19.168271] systemd[1]: Listening on Journal Socket.
[[0;32m  OK  [0m] Listening on Journal Socket.
[   19.236677] systemd[1]: Listening on Syslog Socket.
[[0;32m  OK  [0m] Listening on Syslog Socket.
[   19.252170] systemd[1]: Starting Uncomplicated firewall...
         Starting Uncomplicated firewall...
[   19.333582] systemd[1]: Listening on udev Kernel Socket.
[[0;32m  OK  [0m] Listening on udev Kernel Socket.
[   19.335897] systemd[1]: Started Forward Password Requests to Wall Directory Watch.
[[0;32m  OK  [0m] Started Forward Password Requests to Wall Directory Watch.
[   19.360115] systemd[1]: Reached target User and Group Name Lookups.
[[0;32m  OK  [0m] Reached target User and Group Name Lookups.
[   19.432072] systemd[1]: Mounting Huge Pages File System...
         Mounting Huge Pages File System...
[   19.778157] systemd[1]: Set up automount Arbitrary Executable File Formats File System Automount Point.
[[0;32m  OK  [0m] Set up automount Arbitrary Executab...ats File System Automount Point.
[   19.836148] systemd[1]: Starting Nameserver information manager...
         Starting Nameserver information manager...
[   19.968682] systemd[1]: Reached target Encrypted Volumes.
[[0;32m  OK  [0m] Reached target Encrypted Volumes.
[   19.971284] systemd[1]: Created slice system-serial\x2dgetty.slice.
[[0;32m  OK  [0m] Created slice system-serial\x2dgetty.slice.
[   20.036092] systemd[1]: Mounting POSIX Message Queue File System...
         Mounting POSIX Message Queue File System...
[   20.072564] systemd[1]: Listening on Device-mapper event daemon FIFOs.
[[0;32m  OK  [0m] Listening on Device-mapper event daemon FIFOs.
[   20.132167] systemd[1]: Starting Monitoring of LVM2 mirrors, snapshots etc. using dmeventd or progress polling...
         Starting Monitoring of LVM2 mirrors... dmeventd or progress polling...
[   20.397102] systemd[1]: Starting Remount Root and Kernel File Systems...
[   20.544756] EXT4-fs (sda1): re-mounted. Opts: (null)
         Starting Remount Root and Kernel File Systems...
[   20.548990] systemd[1]: Mounting Debug File System...
         Mounting Debug File System...
[   20.860265] systemd[1]: Starting Create list of required static device nodes for theccrrrent kernel...
         Starting Create list of required st... nodes for the current kernel...
[   21.326746] systemd[1]: Started Trigger resolvconf update for networkd DNS.
[[0;32m  OK  [0m] Started Trigger resolvconf update for networkd DNS.
[   21.356248] systemd[1]: Starting Load Kernel Modules...
         Starting Load Kernel Modules...
[   21.360370] systemd[1]: Starting Set console keymap...
         Starting Set console keymap...
[   21.617070] Loading iSCSI transport class v2.0-870.
[   21.619137] systemd[1]: Reached target Swap.
[[0;32m  OK  [0m] Reached target Swap.
[   21.621703] systemd[1]: Listening on udev Control Socket.
[[0;32m  OK  [0m] Listening on udev Control Socket.
[   21.625081] systemd[1]: Listening on /dev/initctl Compatibility Named Pipe.
[[0;32m  OK  [0m] Listening on /dev/initctl Compatibility Named Pipe.
[   21.637242] systemd[1]: Created slice User and Session Slice.
[[0;32m  OK  [0m] Created slice User and Session Slice.
[   21.640444] systemd[1]: Reached target Slices.
[[0;32m  OK  [0m] Reached target Slices.
[   21.643368] systemd[1]: Listening on LVM2 poll daemon socket.
[[0;32m  OK  [0m] Listening on LVM2 poll daemon socket.
[   21.647241] systemd[1]: Listening on Journal Socket (/dev/log).
[[0;32m  OK  [0m] Listening on Journal Socket (/dev/log).
[   21.658784] iscsi: registered transport (tcp)
[   21.704206] systemd[1]: Starting Journal Service...
         Starting Journal Service...
[   21.707816] systemd[1]: Mounted Huge Pages File System.
[[0;32m  OK  [0m] Mounted Huge Pages File System.
[   21.752150] systemd[1]: Mounted Debug File System.
[[0;32m  OK  [0m] Mounted Debug File System.
[   21.928225] systemd[1]: Mounted POSIX Message Queue File System.
[[0;32m  OK  [0m] Mounted POSIX Message Queue File System.
[   22.008588] systemd[1]: Started Uncomplicated firewall.
[[0;32m  OK  [0m] Started Uncomplicated firewall.
[   22.072844] systemd[1]: Started Remount Root and Kernel File Systems.
[[0;32m  OK  [0m] Started Remount Root and Kernel File Systems.
[   22.076417] systemd[1]: Started Create list of required static device nodes for the current kernel.
[[0;32m  OK  [0m] Started Create list of required sta...ce nodes for the current kernel.
[   22.080537] systemd[1]: Started Set console keymap.
[   22.080690] iscsi: registered transport (iser)
[[0;32m  OK  [0m] Started Set console keymap.
[   22.084320] systemd[1]: Started Load Kernel Modules.
[[0;32m  OK  [0m] Started Load Kernel Modules.
[   22.124234] systemd[1]: Started LVM2 metadata daemon.
[[0;32m  OK  [0m] Started LVM2 metadata daemon.
[   22.129493] systemd[1]: Starting Apply Kernel Variables...
         Starting Apply Kernel Variables...
[   22.132498] systemd[1]: Mounting FUSE Control File System...
         Mounting FUSE Control File System...
[   22.135559] systemd[1]: Starting Create Static Device Nodes in /dev...
         Starting Create Static Device Nodes in /dev...
[   22.138821] systemd[1]: Starting Load/Save Random Seed...
         Starting Load/Save Random Seed...
[   22.142676] systemd[1]: Starting Initial cloud-init job (pre-networking)...
         Starting Initial cloud-init job (pre-networking)...
[   22.204170] systemd[1]: Starting udev Coldplug all Devices...
         Starting udev Coldplug all Devices...
[   22.208510] systemd[1]: Mounted FUSE Control File System.
[[0;32m  OK  [0m] Mounted FUSE Control File System.
[   22.236043] systemd[1]: Started Journal Service.
[[0;32m  OK  [0m] Started Journal Service.
[[0;32m  OK  [0m] Started Nameserver information manager.
[[0;32m  OK  [0m] Started Load/Save Random Seed.
         Starting Flush Journal to Persistent Storage...
[[0;32m  OK  [0m] Started udev Coldplug all Devices.
[   22.559620] systemd-journald[392]: Received request to fuush runtime journal from PID 1
[[0;32m  OK  [0m] Started Flush Journal to Persistent Storage.
[[0;32m  OK  [0m] Started Apply Kernel Variables.
[[0;32m  OK  [0m] Started Monitoring of LVM2 mirrors,...ng dmeventd or progress polling.
[[0;32m  OK  [0m] Started Create Static Device Nodes in /dev.
         Starting udev Kernel Device Manager...
[[0;32m  OK  [0m] Started udev Kernel Device Manager.
[[0;32m  OK  [0m] Reached target Local File Systems (Pre).
[[0;32m  OK  [0m] Reached target Local File Systems.
         Starting Tell Plymouth To Write Out Runtime Data...
         Starting LSB: AppArmor initialization...
         Starting Set console font and keymap...
         Starting Create Volatile Files and Directories...
[[0;32m  OK  [0m] Started Dispatch Password Requests to Console Directory Watch.
[[0;32m  OK  [0m] Started Tell Plymouth To Write Out Runtime Data.
[[0;32m  OK  [0m] Found device /dev/ttyS0.
[[0;32m  OK  [0m] Started Create Volatile Files and Directories.
         Starting Update UTMP about System Boot/Shutdown...
[[0;32m  OK  [0m] Reached target System Time Synchronized.
[[0;32m  OK  [0m] Found device 82540EM Gigabit Ethern...r (PRO/1000 MT Desktop Adapter).
[[0;32m  OK  [0m] Started Set console font and keymap.
[[0;32m  OK  [0m] Created slice system-getty.slice.
[[0;32m  OK  [0m] Started Update UTMP about System Boot/Shutdown.
[[0;32m  OK  [0m] Listening on Load/Save RF Kill Switch Status /dev/rfkill Watch.
[[0;32m  OK  [0m] Started LSB: AppArmor initialization.
[   24.865487] cloud-init[421]: Cloud-init v. 0.7.9 running 'init-local' at Mon, 12 Mar 2018 11:50:44 +0000. Up 24.29 seconds.
[[0;32m  OK  [0m] Started Initial cloud-init job (pre-networking).
[[0;32m  OK  [0m] Reached target Network (Pre).
         Starting Raise network interfaces...
[[0;32m  OK  [0m] Started ifup for enp0s8.
[[0;32m  OK  [0m] Started ifup for enp0s3.
[[0;32m  OK  [0m] Started Raise network interfaces.
         Starting Initial cloud-init job (metadata service crawler)...
[[0;32m  OK  [0m] Reached target Network.
[   26.125500] cloud-init[1050]: Cloud-init v. 0.7.9 running 'init' at Mon, 12 Mar 2018 11:50:45 +0000. Up 25.43 seconds.
[   26.165043] cloud-init[1050]: ci-info: ++++++++++++++++++++++++++++++++++++++Net device info++++++++++++++++++++++++++++++++++++++
[   26.169144] cloud-init[1050]: ci-info: +--------+------+-----------------------------+---------------+-------+-------------------+
[   26.173840] cloud-init[1050]: ci-info: | Device |  Up  |           Address           |      Mask     | Scope |     Hw-Address    |
[   26.184360] cloud-init[1050]: ci-info: +--------+------+-----------------------------+---------------+-------+-------------------+
[[0;32m  OK  [0m] Started Initial cloud-init job (metadata service crawler).
[[   26.204098] cloud-init[1050]: ci-info: | enp0s8 | True |        192.168.33.10        | 255.255.255.0 |   .   | 08:00:27:e8:70:f3 |
[   26.244257] cloud-init[1050]: ci-info: | enp0s8 | True | fe80::a00:27ff:fee8:70f3/64 |       .       |  link | 08:00:27:e8:70:f3 |
[   26.244554] cloud-init[1050]: ci-info: |   lo   | True |          127.0.0.1          |   255.0.0.0   |   .   |         .         |
[   26.244706] cloud-init[1050]: ci-info: |   lo   | True |           ::1/128           |       .       |  host |         .         |
[   26.244876] cloud-init[1050]: ci-info: | enp0s3 | True |          10.0.2.15          | 255.255.255.0 |   .   | 02:53:17:3c:de:80 |
[   26.245035] cloud-init[1050]: ci-info: | enp0s3 | True |  fe80::53:17ff:fe3c:de80/64 |       .       |  link | 02:53:17:3c:de:80 |
[   26.245196] cloud-init[1050]: ci-info: +--------+------+-----------------------------+---------------+-------+-------------------+
[   26.245362] cloud-init[1050]: ci-info: ++++++++++++++++++++++++++++Route IPv4 info++++++++++++++++++++++++++++
[   26.245531] cloud-init[1050]: ci-info: +-------+--------------+----------+---------------+-----------+-------+
[   26.248307] cloud-init[1050]: ci-info: | Route | Destination  | Gateway  |    Genmask    | Interface | Flags |
[   26.248599] cloud-init[1050]: ci-info: +-------+--------------+----------+---------------+-----------+-------+
[   26.248763] cloud-init[1050]: ci-info: |   0   |   0.0.0.0    | 10.0.2.2 |    0.0.0.0    |   enp0s3  |   UG  |
[   26.248922] cloud-init[1050]: ci-info: |   1   |   10.0.2.0   | 0.0.0.0  | 255.255.255.0 |   enp0s3  |   U   |
[   26.249092] cloud-init[1050]: ci-info: |   2   | 192.168.33.0 | 0.0.0.0  | 255.255.255.0 |   enp0s8  |   U   |
[   26.249247] cloud-init[1050]: ci-info: +-------+--------------+----------+---------------+-----------+-------+
[0;32m  OK  [0m] Reached target Cloud-config availability.
[[0;32m  OK  [0m] Reached target Network is Online.
         Starting iSCSI initiator daemon (iscsid)...
[[0;32m  OK  [0m] Reached target System Initialization.
[[0;32m  OK  [0m] Listening on UUID daemon activation socket.
         Starting Socket activation for snappy daemon.
[[0;32m  OK  [0m] Listening on ACPID Listen Socket.
[[0;32m  OK  [0m] Started Daily apt download activities.
[[0;32m  OK  [0m] Started Timer to automatically refresh installed snaps.
         Starting LXD - unix socket.
[[0;32m  OK  [0m] Started Daily apt upgrade and clean activities.
[[0;32m  OK  [0m] Listening on D-Bus System Message Bus Socket.
[[0;32m  OK  [0m] Started ACPI Events Check.
[[0;32m  OK  [0m] Reached target Paths.
[[0;32m  OK  [0m] Started Daily Cleanup of Temporary Directories.
[[0;32m  OK  [0m] Reached target Timers.
[[0;32m  OK  [0m] Listening on Socket activation for snappy daemon.
[[0;32m  OK  [0m] Listening on LXD - unix socket.
[[0;32m  OK  [0m] Reached target Sockets.
[[0;32m  OK  [0m] Reached target Basic System.
         Starting LXD - container startup/shutdown...
         Starting /etc/rc.local Compatibility...
[[0;32m  OK  [0m] Started FUSE filesystem for LXC.
[[0;32m  OK  [0m] Started ACPI event daemon.
[[0;32m  OK  [0m] Started Regular background program processing daemon.
         Starting LSB: Record successful boot for GRUB...
         Starting Login Service...
         Starting Apply the settings specified in cloud-config...
[[0;32m  OK  [0m] Started D-Bus System Message Bus.
[   27.464668] cloud-init[1124]: Cloud-init v. 0.7.9 running 'modules:config' at Mon, 12 Mar 2018 11:50:46 +0000. Up 27.03 seconds.
         Starting MySQL Community Server...
[[0;32m  OK  [0m] Started Unattended Upgrades Shutdown.
         Starting LSB: MD monitoring daemon...
[[0;32m  OK  [0m] Started Deferred execution scheduler.
         Starting OpenBSD Secure Shell server...
         Starting System Logging Service...
         Starting The PHP 7.0 FastCGI Process Manager...
         Starting Accounts Service...
         Starting A high performance web server and a reverse proxy server...
         Starting Snappy daemon...
[[0;32m  OK  [0m] Started iSCSI initiator daemon (iscsid).
[[0;32m  OK  [0m] Started /etc/rc.local Compatibility.
[[0;32m  OK  [0m] Started Apply the settings specified in cloud-config.
         Starting Login to default iSCSI targets...
[[0;32m  OK  [0m] Started Login Service.
[[0;32m  OK  [0m] Started Login to default iSCSI targets.
[[0;32m  OK  [0m] Reached target Remote File Systems (Pre).
[[0;32m  OK  [0m] Reached target Remote File Systems.
         Starting Permit User Sessions...
         Starting LSB: daemon to balance interrupts for SMP systems...
         Starting LSB: VirtualBox Linux Additions...
         Starting LSB: Set the CPU Frequency Scaling governor to "ondemand"...
         Starting LSB: automatic crash report generation...
[[0;32m  OK  [0m] Started LSB: Set the CPU Frequency Scaling governor to "ondemand".
[[0;32m  OK  [0m] Started Permit User Sessions.
[[0;32m  OK  [0m] Started LSB: MD monitoring daemon.
         Starting Hold until boot process finishes up...
         Starting Terminate Plymouth Boot Screen...
[[0;32m  OK  [0m] Started System Logging Service.
[[0;32m  OK  [0m] Started Hold until boot process finishes up.
         Starting Set console scheme...
[[0;32m  OK  [0m] Started Getty on tty1.
[[0;32m  OK  [0m] Started Serial Getty on ttyS0.
[[0;32m  OK  [0m] Reached target Login Prompts.
[[0;32m  OK  [0m] Started Terminate Plymouth Boot Screen.
[[0;32m  OK  [0m] Started LSB: Record successful boot for GRUB.
[[0;32m  OK  [0m] Started Set console scheme.
[[0;32m  OK  [0m] Started LSB: daemon to balance interrupts for SMP systems.
[[0;32m  OK  [0m] Started LXD - container startup/shutdown.
[[0;32m  OK  [0m] Started OpenBSD Secure Shell server.
[[0;32m  OK  [0m] Started A high performance web server and a reverse proxy server.
[[0;32m  OK  [0m] Started LSB: automatic crash report generation.
         Starting Authenticate and Authorize Users to Run Privileged Tasks...
[[0;32m  OK  [0m] Started LSB: VirtualBox Linux Additions.
[[0;32m  OK  [0m] Created slice User Slice of ubuntu.
         Starting User Manager for UID 1000...
[[0;32m  OK  [0m] Started Session 1 of user ubuntu.
[[0;32m  OK  [0m] Started Authenticate and Authorize Users to Run Privileged Tasks.
[[0;32m  OK  [0m] Started Accounts Service.
[[0;32m  OK  [0m] Started User Manager for UID 1000.
[[0;32m  OK  [0m] Started Snappy daemon.

Ubuntu 16.04.3 LTS nginx ttyS0

nginx login: [   36.413413] cloud-init[1427]: Cloud-init v. 0.7.9 running 'modules:final' at Mon, 12 Mar 2018 11:50:56 +0000. Up 36.28 seconds.
[   36.413608] cloud-init[1427]: Cloud-init v. 0.7.9 finished at Mon, 12 Mar 2018 11:50:56 +0000. Datasource DataSourceNoCloud [seed=/dev/sdb][dsmode=net].  Up 36.40 seconds
